data|{|int y;|bool boo;|}||major|{|y equals boo;|}|