data|{|int y;|bool boo;|}||major|{|y equals 5;|boo equals false;|}||major|{|y equals 3;|}|